// Bun Snapshot v1, https://bun.sh/docs/test/snapshots

exports[`公開 resource を正本とする初回雇用が書く行を固定する 1`] = `
{
  "actions": [
    {
      "corrects_action_id": null,
      "employee_id": "employee:one",
      "event_on": "2026-09-01",
      "id": "ae19fb77-4847-8a79-84e8-54d2db00f26d",
      "kind": "initial_state",
      "operation_id": "initial:one",
      "payload_fingerprint": "03f860b1d051c2dc4aad3c8574520e3fde36b0e56bbe445dfa836ebd028fdf02",
      "recorded_at": 1785542400,
      "recorded_by_account_id": "account:operator",
      "requested_by_employee_id": null,
      "source_application_id": null,
      "source_type": "system",
      "summary_json": "{"actorAccountId":"account:operator","department":null,"employeeId":"employee:one","employmentId":"employment:one","eventOn":"2026-09-01","kind":"initial_state","managerEmployeeCode":null,"positionTitle":null,"reason":"Confirmed new employment","status":"leave"}",
    },
  ],
  "bindings": [
    {
      "last_action_id": "ae19fb77-4847-8a79-84e8-54d2db00f26d",
      "lifecycle_revision": 0,
      "resource_id": "employee:one",
      "resource_revision": 1,
      "resource_type": "employee",
    },
    {
      "last_action_id": "ae19fb77-4847-8a79-84e8-54d2db00f26d",
      "lifecycle_revision": 0,
      "resource_id": "employment:one",
      "resource_revision": 1,
      "resource_type": "employment",
    },
  ],
  "employees": [
    {
      "email": "you@example.com",
      "employee_code": "one",
      "id": "employee:one",
      "official_name": "Example Person",
      "phone": null,
    },
  ],
  "employments": [
    {
      "contract_name": "Example Person",
      "employee_id": "employee:one",
      "employment_type": "PART_TIME",
      "hire_date": "2026-09-01",
      "id": "employment:one",
      "status": "ON_LEAVE",
      "termination_date": null,
    },
  ],
  "lifecycle": [
    {
      "employee_id": "employee:one",
      "revision": 0,
    },
  ],
  "organization": [
    {
      "revision": 1,
    },
  ],
  "periods": [
    {
      "ends_on": null,
      "is_void": 0,
      "period_id": "employment:one",
      "recorded_by_action_id": "ae19fb77-4847-8a79-84e8-54d2db00f26d",
      "revision": 1,
      "starts_on": "2026-09-01",
    },
  ],
  "resources": [
    {
      "attributes_json": "{"employeeCode":"one","personId":"person:employee:one"}",
      "effective_from": "2026-09-01",
      "resource_id": "employee:one",
      "resource_type": "employee",
      "revision": 1,
      "state": "active",
    },
    {
      "attributes_json": "{"employeeId":"employee:one","employmentType":"PART_TIME","status":"ON_LEAVE"}",
      "effective_from": "2026-09-01",
      "resource_id": "employment:one",
      "resource_type": "employment",
      "revision": 1,
      "state": "active",
    },
    {
      "attributes_json": "{"email":"you@example.com","officialName":"Example Person","phone":null}",
      "effective_from": "2026-09-01",
      "resource_id": "person:employee:one",
      "resource_type": "person",
      "revision": 1,
      "state": "active",
    },
  ],
  "statuses": [
    {
      "ends_on": null,
      "is_void": 0,
      "recorded_by_action_id": "ae19fb77-4847-8a79-84e8-54d2db00f26d",
      "revision": 1,
      "starts_on": "2026-09-01",
      "status": "leave",
    },
  ],
}
`;
